C51 COMPILER V9.54   DISPLAY                                                               06/03/2019 10:28:39 PAGE 1   


C51 COMPILER V9.54, COMPILATION OF MODULE DISPLAY
OBJECT MODULE PLACED IN .\output\Display.obj
COMPILER INVOKED BY: C:\Keil_v5\C51\BIN\C51.EXE code\Display.c ROM(COMPACT) OPTIMIZE(8,SPEED) BROWSE DEBUG OBJECTEXTEND 
                    -PRINT(.\output\Display.lst) TABS(2) OBJECT(.\output\Display.obj)

line level    source

   1          
   2          
   3          #ifndef  OS_MASTER_FILE
   4          #define  OS_GLOBALS
   5          #include "includes.h"
   6          #endif
   7          
   8          BOOLEAN F_temp;
   9          u8 DispChange;
  10          
  11          void Display(void)
  12          {
  13   1        if (F_temp == 0) {
  14   2          P11 = 0;
  15   2          OledDispClock();
  16   2          LCD_P8x16Str();
  17   2          P11 = 1;
  18   2        } else {
  19   2          P11 = 0;
  20   2          OledDispTH();
  21   2          LCD_P8x16Str();
  22   2          P11 = 1;
  23   2        }
  24   1      }
  25          
  26          
  27          
  28          


MODULE INFORMATION:   STATIC OVERLAYABLE
   CODE SIZE        =     21    ----
   CONSTANT SIZE    =   ----    ----
   XDATA SIZE       =   ----    ----
   PDATA SIZE       =   ----    ----
   DATA SIZE        =      1    ----
   IDATA SIZE       =   ----    ----
   BIT SIZE         =      1    ----
END OF MODULE INFORMATION.


C51 COMPILATION COMPLETE.  0 WARNING(S),  0 ERROR(S)
