C51 COMPILER V9.59.0.0   MAIN                                                              05/31/2022 20:33:57 PAGE 1   


C51 COMPILER V9.59.0.0, COMPILATION OF MODULE MAIN
OBJECT MODULE PLACED IN .\output\main.obj
COMPILER INVOKED BY: d:\Keil_v5\C51\BIN\C51.EXE code\main.c ROM(COMPACT) OPTIMIZE(8,SPEED) BROWSE DEBUG OBJECTEXTEND PRI
                    -NT(.\output\main.lst) OBJECT(.\output\main.obj)

line level    source

   1          //======================================================
   2          // Main program routine
   3          // Device name  : MC96F6332
   4          // Package type : 32QFP
   5          //======================================================
   6          
   7          #include "MC96F6432.h"
   8          #include "main_sub.h"
   9          #include "common.h"
  10          
  11          void main(void)
  12          {
  13   1          cli();        // disable INT. during peripheral setting
  14   1          port_init();  // initialize ports
  15   1          clock_init(); // initialize operation clock
  16   1          LCD_init();   // initialize LCD
  17   1          //Timer1_init();
  18   1          WT_init(); // initialize Watch timer
  19   1          ExINT_init();
  20   1          sei(); // enable INT.
  21   1      
  22   1          // TODO: add your main code here
  23   1          COMMON_Init();
  24   1      
  25   1          do {
  26   2              COMMON_Process();
  27   2          } while (1);
  28   1      }


MODULE INFORMATION:   STATIC OVERLAYABLE
   CODE SIZE        =     29    ----
   CONSTANT SIZE    =   ----    ----
   XDATA SIZE       =   ----    ----
   PDATA SIZE       =   ----    ----
   DATA SIZE        =   ----    ----
   IDATA SIZE       =   ----    ----
   BIT SIZE         =   ----    ----
END OF MODULE INFORMATION.


C51 COMPILATION COMPLETE.  0 WARNING(S),  0 ERROR(S)
